// Jest Snapshot v1, https://goo.gl/fbAQLP

exports[`should match snapshot 1`] = `
<FieldError
  className=""
  component="div"
  errorMessages={null}
  name="username"
>
  <mockConstructor>
    <div
      className="Jfv_FieldError"
    />
  </mockConstructor>
</FieldError>
`;
